// Jest Snapshot v1, https://goo.gl/fbAQLP

exports[`ErrorBoundary Component:  should render Error when componentDidCatch 1`] = `
<div
  className=""
>
  <h1>
    Oh no! You have hit an error!
  </h1>
  <p>
    test
  </p>
  <footer>
    Let me know about this problem via email at
    <a
      href="mailto:bmpieretti@gmail.com?subject=Incident%20Report&amp;body=test--
    in null (created by ErrorBoundary)
    in ErrorBoundary (created by WrapperComponent)
    in WrapperComponent"
    >
      bmpieretti@gmail.com
    </a>
  </footer>
</div>
`;

exports[`ErrorBoundary Component:  should render children when no errors 1`] = `"Test"`;
